<html>
<body>
<pre>
<h1>µVision Build Log</h1>
<h2>Project:</h2>
D:\BU510.HPMS\BL08.R05.MCU\Parts\LPC1000\LPC1700\LPC175x_6x\CMSIS\LPC1700CMSIS_latest\Examples\UART\Polling\Keil\uart_polling.uvproj
Project File Date:  06/07/2011

<h2>Output:</h2>
Build target 'LPC1700 FLASH'
assembling startup_LPC17xx.s...
compiling core_cm3.c...
compiling system_LPC17xx.c...
compiling lpc17xx_clkpwr.c...
compiling lpc17xx_pinsel.c...
compiling lpc17xx_uart.c...
compiling uart_polling_test.c...
linking...
Program Size: Code=6044 RO-data=236 RW-data=132 ZI-data=512  
FromELF: creating hex file...
".\Flash\uart_polling.axf" - 0 Error(s), 0 Warning(s).
Build target 'LPC1700 FLASH'
assembling startup_LPC17xx.s...
compiling core_cm3.c...
compiling system_LPC17xx.c...
compiling lpc17xx_clkpwr.c...
compiling lpc17xx_pinsel.c...
compiling lpc17xx_uart.c...
compiling uart_polling_test.c...
linking...
Program Size: Code=6036 RO-data=236 RW-data=132 ZI-data=512  
FromELF: creating hex file...
".\Flash\uart_polling.axf" - 0 Error(s), 0 Warning(s).
