ARM Linker, 4.1 [Build 644] [Standard]

==============================================================================

Section Cross References

    startup_lpc17xx.o(RESET) refers to startup_lpc17xx.o(STACK) for __initial_sp
    startup_lpc17xx.o(RESET) refers to startup_lpc17xx.o(.text) for Reset_Handler
    startup_lpc17xx.o(.text) refers to system_lpc17xx.o(.text) for SystemInit
    startup_lpc17xx.o(.text) refers to entry.o(.ARM.Collect$$$$00000000) for __main
    system_lpc17xx.o(.text) refers to system_lpc17xx.o(.data) for SystemCoreClock
    lpc17xx_clkpwr.o(.text) refers to system_lpc17xx.o(.data) for SystemCoreClock
    lpc17xx_uart.o(.text) refers to lpc17xx_clkpwr.o(.text) for CLKPWR_GetPCLK
    lpc17xx_uart.o(.text) refers to llshl.o(.text) for __aeabi_llsl
    lpc17xx_uart.o(.text) refers to uldiv.o(.text) for __aeabi_uldivmod
    lpc17xx_uart.o(.text) refers to llushr.o(.text) for __aeabi_llsr
    lpc17xx_uart.o(.text) refers to uart_polling_test.o(.text) for check_failed
    uart_polling_test.o(.text) refers to lpc17xx_uart.o(.text) for UART_Send
    uart_polling_test.o(.text) refers to lpc17xx_pinsel.o(.text) for PINSEL_ConfigPin
    uart_polling_test.o(.text) refers to uart_polling_test.o(.data) for menu1
    entry.o(.ARM.Collect$$$$00000000) refers (Special) to entry7.o(.ARM.Collect$$$$00000007) for _main_init
    entry.o(.ARM.Collect$$$$00000000) refers (Special) to entry5.o(.ARM.Collect$$$$00000004) for _main_scatterload
    entry.o(.ARM.Collect$$$$00000000) refers (Special) to entry2.o(.ARM.Collect$$$$00000001) for _main_stk
    uldiv.o(.text) refers to llushr.o(.text) for __aeabi_llsr
    uldiv.o(.text) refers to llshl.o(.text) for __aeabi_llsl
    entry2.o(.ARM.Collect$$$$00000001) refers to entry2.o(.ARM.Collect$$$$00002712) for __lit__00000000
    entry2.o(.ARM.Collect$$$$00002712) refers to startup_lpc17xx.o(STACK) for __initial_sp
    entry2.o(__vectab_stack_and_reset_area) refers to startup_lpc17xx.o(STACK) for __initial_sp
    entry2.o(__vectab_stack_and_reset_area) refers to entry.o(.ARM.Collect$$$$00000000) for __main
    entry5.o(.ARM.Collect$$$$00000004) refers to init.o(.text) for __scatterload
    entry7.o(.ARM.Collect$$$$00000007) refers to uart_polling_test.o(.text) for main
    init.o(.text) refers to entry5.o(.ARM.Collect$$$$00000004) for __main_after_scatterload


==============================================================================

Removing Unused input sections from the image.

    Removing startup_lpc17xx.o(HEAP), (0 bytes).
    Removing system_lpc17xx.o(.emb_text), (8 bytes).
    Removing lpc17xx_clkpwr.o(.emb_text), (8 bytes).
    Removing lpc17xx_pinsel.o(.emb_text), (8 bytes).
    Removing lpc17xx_uart.o(.emb_text), (8 bytes).
    Removing uart_polling_test.o(.emb_text), (8 bytes).

6 unused section(s) (total 40 bytes) removed from the image.

==============================================================================

Image Symbol Table

    Local Symbols

    Symbol Name                              Value     Ov Type        Size  Object(Section)

    RESET                                    0x00000000   Section      204  startup_lpc17xx.o(RESET)
    ../../microlib/division.c                0x00000000   Number         0  uldiv.o ABSOLUTE
    ../../microlib/init/entry.s              0x00000000   Number         0  entry7.o ABSOLUTE
    ../../microlib/init/entry.s              0x00000000   Number         0  entry5.o ABSOLUTE
    ../../microlib/init/entry.s              0x00000000   Number         0  entry2.o ABSOLUTE
    ../../microlib/init/entry.s              0x00000000   Number         0  entry.o ABSOLUTE
    ../../microlib/longlong.c                0x00000000   Number         0  llushr.o ABSOLUTE
    ../../microlib/longlong.c                0x00000000   Number         0  llshl.o ABSOLUTE
    ..\..\..\..\Core\CM3\CoreSupport\core_cm3.c 0x00000000   Number         0  core_cm3.o ABSOLUTE
    ..\..\..\..\Core\CM3\DeviceSupport\NXP\LPC17xx\startup\arm\startup_LPC17xx.s 0x00000000   Number         0  startup_lpc17xx.o ABSOLUTE
    ..\..\..\..\Core\CM3\DeviceSupport\NXP\LPC17xx\system_LPC17xx.c 0x00000000   Number         0  system_lpc17xx.o ABSOLUTE
    ..\..\..\..\Drivers\source\lpc17xx_clkpwr.c 0x00000000   Number         0  lpc17xx_clkpwr.o ABSOLUTE
    ..\..\..\..\Drivers\source\lpc17xx_pinsel.c 0x00000000   Number         0  lpc17xx_pinsel.o ABSOLUTE
    ..\..\..\..\Drivers\source\lpc17xx_uart.c 0x00000000   Number         0  lpc17xx_uart.o ABSOLUTE
    ..\\..\\..\\..\\Core\\CM3\\DeviceSupport\\NXP\\LPC17xx\\system_LPC17xx.c 0x00000000   Number         0  system_lpc17xx.o ABSOLUTE
    ..\\..\\..\\..\\Drivers\\source\\lpc17xx_clkpwr.c 0x00000000   Number         0  lpc17xx_clkpwr.o ABSOLUTE
    ..\\..\\..\\..\\Drivers\\source\\lpc17xx_pinsel.c 0x00000000   Number         0  lpc17xx_pinsel.o ABSOLUTE
    ..\\..\\..\\..\\Drivers\\source\\lpc17xx_uart.c 0x00000000   Number         0  lpc17xx_uart.o ABSOLUTE
    ..\\uart_polling_test.c                  0x00000000   Number         0  uart_polling_test.o ABSOLUTE
    ..\uart_polling_test.c                   0x00000000   Number         0  uart_polling_test.o ABSOLUTE
    dc.s                                     0x00000000   Number         0  dc.o ABSOLUTE
    handlers.s                               0x00000000   Number         0  handlers.o ABSOLUTE
    init.s                                   0x00000000   Number         0  init.o ABSOLUTE
    .ARM.Collect$$$$00000000                 0x000000cc   Section        0  entry.o(.ARM.Collect$$$$00000000)
    .ARM.Collect$$$$00000001                 0x000000cc   Section        4  entry2.o(.ARM.Collect$$$$00000001)
    .ARM.Collect$$$$00000004                 0x000000d0   Section        4  entry5.o(.ARM.Collect$$$$00000004)
    .ARM.Collect$$$$00000007                 0x000000d4   Section        8  entry7.o(.ARM.Collect$$$$00000007)
    .ARM.Collect$$$$00002712                 0x000000dc   Section        4  entry2.o(.ARM.Collect$$$$00002712)
    __lit__00000000                          0x000000dc   Data           4  entry2.o(.ARM.Collect$$$$00002712)
    .text                                    0x000000e0   Section       36  startup_lpc17xx.o(.text)
    .text                                    0x00000104   Section        0  lpc17xx_clkpwr.o(.text)
    .text                                    0x00000280   Section        0  uldiv.o(.text)
    i.__scatterload_copy                     0x000002e4   Section       14  handlers.o(i.__scatterload_copy)
    i.__scatterload_null                     0x000002f2   Section        2  handlers.o(i.__scatterload_null)
    .ARM.__at_0x02FC                         0x000002fc   Section        4  startup_lpc17xx.o(.ARM.__at_0x02FC)
    .text                                    0x00000300   Section        0  system_lpc17xx.o(.text)
    .text                                    0x000005b0   Section        0  lpc17xx_pinsel.o(.text)
    set_PinFunc                              0x000005b1   Thumb Code    82  lpc17xx_pinsel.o(.text)
    set_ResistorMode                         0x00000603   Thumb Code    82  lpc17xx_pinsel.o(.text)
    set_OpenDrainMode                        0x00000655   Thumb Code    54  lpc17xx_pinsel.o(.text)
    .text                                    0x00000704   Section        0  lpc17xx_uart.o(.text)
    uart_set_divisors                        0x00000705   Thumb Code   574  lpc17xx_uart.o(.text)
    .text                                    0x000016cc   Section        0  uart_polling_test.o(.text)
    .text                                    0x000017ec   Section        0  llshl.o(.text)
    .text                                    0x0000180a   Section        0  llushr.o(.text)
    .text                                    0x0000182c   Section       36  init.o(.text)
    i.__scatterload_zeroinit                 0x00001850   Section       14  handlers.o(i.__scatterload_zeroinit)
    STACK                                    0x10000000   Section      512  startup_lpc17xx.o(STACK)
    .data                                    0x2007c000   Section        4  system_lpc17xx.o(.data)
    .data                                    0x2007c004   Section      128  uart_polling_test.o(.data)

    Global Symbols

    Symbol Name                              Value     Ov Type        Size  Object(Section)

    BuildAttributes$$THM_ISAv4$P$D$K$B$S$PE$A:L22UL41UL21$X:L11$S22US41US21$IEEE1$IW$USESV6$~STKCKD$USESV7$~SHL$OSPACE$EBA8$MICROLIB$REQ8$PRES8$EABIv2 0x00000000   Number         0  anon$$obj.o ABSOLUTE
    __ARM_use_no_argv                        0x00000000   Number         0  uart_polling_test.o ABSOLUTE
    __Vectors                                0x00000000   Data           4  startup_lpc17xx.o(RESET)
    __decompress                              - Undefined Weak Reference
    __main                                   0x000000cd   Thumb Code     0  entry.o(.ARM.Collect$$$$00000000)
    _main_stk                                0x000000cd   Thumb Code     0  entry2.o(.ARM.Collect$$$$00000001)
    _main_scatterload                        0x000000d1   Thumb Code     0  entry5.o(.ARM.Collect$$$$00000004)
    __main_after_scatterload                 0x000000d5   Thumb Code     0  entry5.o(.ARM.Collect$$$$00000004)
    _main_init                               0x000000d5   Thumb Code     0  entry7.o(.ARM.Collect$$$$00000007)
    Reset_Handler                            0x000000e1   Thumb Code     8  startup_lpc17xx.o(.text)
    NMI_Handler                              0x000000e9   Thumb Code     2  startup_lpc17xx.o(.text)
    HardFault_Handler                        0x000000eb   Thumb Code     2  startup_lpc17xx.o(.text)
    MemManage_Handler                        0x000000ed   Thumb Code     2  startup_lpc17xx.o(.text)
    BusFault_Handler                         0x000000ef   Thumb Code     2  startup_lpc17xx.o(.text)
    UsageFault_Handler                       0x000000f1   Thumb Code     2  startup_lpc17xx.o(.text)
    SVC_Handler                              0x000000f3   Thumb Code     2  startup_lpc17xx.o(.text)
    DebugMon_Handler                         0x000000f5   Thumb Code     2  startup_lpc17xx.o(.text)
    PendSV_Handler                           0x000000f7   Thumb Code     2  startup_lpc17xx.o(.text)
    SysTick_Handler                          0x000000f9   Thumb Code     2  startup_lpc17xx.o(.text)
    ADC_IRQHandler                           0x000000fb   Thumb Code     0  startup_lpc17xx.o(.text)
    BOD_IRQHandler                           0x000000fb   Thumb Code     0  startup_lpc17xx.o(.text)
    CANActivity_IRQHandler                   0x000000fb   Thumb Code     0  startup_lpc17xx.o(.text)
    CAN_IRQHandler                           0x000000fb   Thumb Code     0  startup_lpc17xx.o(.text)
    DMA_IRQHandler                           0x000000fb   Thumb Code     0  startup_lpc17xx.o(.text)
    EINT0_IRQHandler                         0x000000fb   Thumb Code     0  startup_lpc17xx.o(.text)
    EINT1_IRQHandler                         0x000000fb   Thumb Code     0  startup_lpc17xx.o(.text)
    EINT2_IRQHandler                         0x000000fb   Thumb Code     0  startup_lpc17xx.o(.text)
    EINT3_IRQHandler                         0x000000fb   Thumb Code     0  startup_lpc17xx.o(.text)
    ENET_IRQHandler                          0x000000fb   Thumb Code     0  startup_lpc17xx.o(.text)
    I2C0_IRQHandler                          0x000000fb   Thumb Code     0  startup_lpc17xx.o(.text)
    I2C1_IRQHandler                          0x000000fb   Thumb Code     0  startup_lpc17xx.o(.text)
    I2C2_IRQHandler                          0x000000fb   Thumb Code     0  startup_lpc17xx.o(.text)
    I2S_IRQHandler                           0x000000fb   Thumb Code     0  startup_lpc17xx.o(.text)
    MCPWM_IRQHandler                         0x000000fb   Thumb Code     0  startup_lpc17xx.o(.text)
    PLL0_IRQHandler                          0x000000fb   Thumb Code     0  startup_lpc17xx.o(.text)
    PLL1_IRQHandler                          0x000000fb   Thumb Code     0  startup_lpc17xx.o(.text)
    PWM1_IRQHandler                          0x000000fb   Thumb Code     0  startup_lpc17xx.o(.text)
    QEI_IRQHandler                           0x000000fb   Thumb Code     0  startup_lpc17xx.o(.text)
    RIT_IRQHandler                           0x000000fb   Thumb Code     0  startup_lpc17xx.o(.text)
    RTC_IRQHandler                           0x000000fb   Thumb Code     0  startup_lpc17xx.o(.text)
    SPI_IRQHandler                           0x000000fb   Thumb Code     0  startup_lpc17xx.o(.text)
    SSP0_IRQHandler                          0x000000fb   Thumb Code     0  startup_lpc17xx.o(.text)
    SSP1_IRQHandler                          0x000000fb   Thumb Code     0  startup_lpc17xx.o(.text)
    TIMER0_IRQHandler                        0x000000fb   Thumb Code     0  startup_lpc17xx.o(.text)
    TIMER1_IRQHandler                        0x000000fb   Thumb Code     0  startup_lpc17xx.o(.text)
    TIMER2_IRQHandler                        0x000000fb   Thumb Code     0  startup_lpc17xx.o(.text)
    TIMER3_IRQHandler                        0x000000fb   Thumb Code     0  startup_lpc17xx.o(.text)
    UART0_IRQHandler                         0x000000fb   Thumb Code     0  startup_lpc17xx.o(.text)
    UART1_IRQHandler                         0x000000fb   Thumb Code     0  startup_lpc17xx.o(.text)
    UART2_IRQHandler                         0x000000fb   Thumb Code     0  startup_lpc17xx.o(.text)
    UART3_IRQHandler                         0x000000fb   Thumb Code     0  startup_lpc17xx.o(.text)
    USBActivity_IRQHandler                   0x000000fb   Thumb Code     0  startup_lpc17xx.o(.text)
    USB_IRQHandler                           0x000000fb   Thumb Code     0  startup_lpc17xx.o(.text)
    WDT_IRQHandler                           0x000000fb   Thumb Code     0  startup_lpc17xx.o(.text)
    CLKPWR_SetPCLKDiv                        0x00000105   Thumb Code   106  lpc17xx_clkpwr.o(.text)
    CLKPWR_GetPCLKSEL                        0x0000016f   Thumb Code    34  lpc17xx_clkpwr.o(.text)
    CLKPWR_GetPCLK                           0x00000191   Thumb Code    78  lpc17xx_clkpwr.o(.text)
    CLKPWR_ConfigPPWR                        0x000001df   Thumb Code    50  lpc17xx_clkpwr.o(.text)
    CLKPWR_Sleep                             0x00000211   Thumb Code    12  lpc17xx_clkpwr.o(.text)
    CLKPWR_DeepSleep                         0x0000021d   Thumb Code    22  lpc17xx_clkpwr.o(.text)
    CLKPWR_PowerDown                         0x00000233   Thumb Code    22  lpc17xx_clkpwr.o(.text)
    CLKPWR_DeepPowerDown                     0x00000249   Thumb Code    22  lpc17xx_clkpwr.o(.text)
    __aeabi_uldivmod                         0x00000281   Thumb Code   100  uldiv.o(.text)
    __scatterload_copy                       0x000002e5   Thumb Code    14  handlers.o(i.__scatterload_copy)
    __scatterload_null                       0x000002f3   Thumb Code     2  handlers.o(i.__scatterload_null)
    SystemCoreClockUpdate                    0x00000301   Thumb Code   316  system_lpc17xx.o(.text)
    SystemInit                               0x0000043d   Thumb Code   296  system_lpc17xx.o(.text)
    PINSEL_ConfigTraceFunc                   0x0000068b   Thumb Code    34  lpc17xx_pinsel.o(.text)
    PINSEL_SetI2C0Pins                       0x000006ad   Thumb Code    22  lpc17xx_pinsel.o(.text)
    PINSEL_ConfigPin                         0x000006c3   Thumb Code    54  lpc17xx_pinsel.o(.text)
    UART_Init                                0x00000943   Thumb Code   590  lpc17xx_uart.o(.text)
    UART_TxCmd                               0x00000b91   Thumb Code   136  lpc17xx_uart.o(.text)
    UART_DeInit                              0x00000c19   Thumb Code   112  lpc17xx_uart.o(.text)
    UART_ConfigStructInit                    0x00000c89   Thumb Code    22  lpc17xx_uart.o(.text)
    UART_SendByte                            0x00000c9f   Thumb Code    58  lpc17xx_uart.o(.text)
    UART_ReceiveByte                         0x00000cd9   Thumb Code    56  lpc17xx_uart.o(.text)
    UART_Send                                0x00000d11   Thumb Code   198  lpc17xx_uart.o(.text)
    UART_Receive                             0x00000dd7   Thumb Code   154  lpc17xx_uart.o(.text)
    UART_ForceBreak                          0x00000e71   Thumb Code    68  lpc17xx_uart.o(.text)
    UART_IntConfig                           0x00000eb5   Thumb Code   298  lpc17xx_uart.o(.text)
    UART_GetLineStatus                       0x00000fdf   Thumb Code    56  lpc17xx_uart.o(.text)
    UART_GetIntId                            0x00001017   Thumb Code    52  lpc17xx_uart.o(.text)
    UART_CheckBusy                           0x0000104b   Thumb Code    18  lpc17xx_uart.o(.text)
    UART_FIFOConfig                          0x0000105d   Thumb Code   272  lpc17xx_uart.o(.text)
    UART_FIFOConfigStructInit                0x0000116d   Thumb Code    18  lpc17xx_uart.o(.text)
    UART_ABCmd                               0x0000117f   Thumb Code   210  lpc17xx_uart.o(.text)
    UART_ABClearIntPending                   0x00001251   Thumb Code    70  lpc17xx_uart.o(.text)
    UART_IrDAInvtInputCmd                    0x00001297   Thumb Code    80  lpc17xx_uart.o(.text)
    UART_IrDACmd                             0x000012e7   Thumb Code    78  lpc17xx_uart.o(.text)
    UART_IrDAPulseDivConfig                  0x00001335   Thumb Code   130  lpc17xx_uart.o(.text)
    UART_FullModemForcePinState              0x000013b7   Thumb Code   138  lpc17xx_uart.o(.text)
    UART_FullModemConfigMode                 0x00001441   Thumb Code   142  lpc17xx_uart.o(.text)
    UART_FullModemGetStatus                  0x000014cf   Thumb Code    28  lpc17xx_uart.o(.text)
    UART_RS485Config                         0x000014eb   Thumb Code   314  lpc17xx_uart.o(.text)
    UART_RS485ReceiverCmd                    0x00001625   Thumb Code    32  lpc17xx_uart.o(.text)
    UART_RS485Send                           0x00001645   Thumb Code    88  lpc17xx_uart.o(.text)
    UART_RS485SendSlvAddr                    0x0000169d   Thumb Code    20  lpc17xx_uart.o(.text)
    UART_RS485SendData                       0x000016b1   Thumb Code    24  lpc17xx_uart.o(.text)
    print_menu                               0x000016cd   Thumb Code    28  uart_polling_test.o(.text)
    c_entry                                  0x000016e9   Thumb Code   234  uart_polling_test.o(.text)
    main                                     0x000017d3   Thumb Code     4  uart_polling_test.o(.text)
    check_failed                             0x000017d7   Thumb Code     4  uart_polling_test.o(.text)
    __aeabi_llsl                             0x000017ed   Thumb Code    30  llshl.o(.text)
    _ll_shift_l                              0x000017ed   Thumb Code     0  llshl.o(.text)
    __aeabi_llsr                             0x0000180b   Thumb Code    32  llushr.o(.text)
    _ll_ushift_r                             0x0000180b   Thumb Code     0  llushr.o(.text)
    __scatterload                            0x0000182d   Thumb Code    28  init.o(.text)
    __scatterload_rt2                        0x0000182d   Thumb Code     0  init.o(.text)
    __scatterload_zeroinit                   0x00001851   Thumb Code    14  handlers.o(i.__scatterload_zeroinit)
    Region$$Table$$Base                      0x00001860   Number         0  anon$$obj.o(Region$$Table)
    Region$$Table$$Limit                     0x00001880   Number         0  anon$$obj.o(Region$$Table)
    __initial_sp                             0x10000200   Data           0  startup_lpc17xx.o(STACK)
    SystemCoreClock                          0x2007c000   Data           4  system_lpc17xx.o(.data)
    menu1                                    0x2007c004   Data          28  uart_polling_test.o(.data)
    menu2                                    0x2007c020   Data          78  uart_polling_test.o(.data)
    menu3                                    0x2007c06e   Data          22  uart_polling_test.o(.data)



==============================================================================

Memory Map of the image

  Image Entry point : 0x000000cd

  Load Region LR_IROM1 (Base: 0x00000000, Size: 0x00001904, Max: 0x00080000, ABSOLUTE)

    Execution Region ER_IROM1 (Base: 0x00000000, Size: 0x00001880, Max: 0x00080000, ABSOLUTE)

    Base Addr    Size         Type   Attr      Idx    E Section Name        Object

    0x00000000   0x000000cc   Data   RO            3    RESET               startup_lpc17xx.o
    0x000000cc   0x00000000   Code   RO          173  * .ARM.Collect$$$$00000000  mc_w.l(entry.o)
    0x000000cc   0x00000004   Code   RO          182    .ARM.Collect$$$$00000001  mc_w.l(entry2.o)
    0x000000d0   0x00000004   Code   RO          185    .ARM.Collect$$$$00000004  mc_w.l(entry5.o)
    0x000000d4   0x00000008   Code   RO          186    .ARM.Collect$$$$00000007  mc_w.l(entry7.o)
    0x000000dc   0x00000004   Code   RO          183    .ARM.Collect$$$$00002712  mc_w.l(entry2.o)
    0x000000e0   0x00000024   Code   RO            5    .text               startup_lpc17xx.o
    0x00000104   0x0000017c   Code   RO           59    .text               lpc17xx_clkpwr.o
    0x00000280   0x00000064   Code   RO          176    .text               mc_w.l(uldiv.o)
    0x000002e4   0x0000000e   Code   RO          191    i.__scatterload_copy  mc_w.l(handlers.o)
    0x000002f2   0x00000002   Code   RO          192    i.__scatterload_null  mc_w.l(handlers.o)
    0x000002f4   0x00000008   PAD
    0x000002fc   0x00000004   Code   RO            4    .ARM.__at_0x02FC    startup_lpc17xx.o
    0x00000300   0x000002b0   Code   RO           24    .text               system_lpc17xx.o
    0x000005b0   0x00000154   Code   RO           92    .text               lpc17xx_pinsel.o
    0x00000704   0x00000fc8   Code   RO          111    .text               lpc17xx_uart.o
    0x000016cc   0x00000120   Code   RO          133    .text               uart_polling_test.o
    0x000017ec   0x0000001e   Code   RO          178    .text               mc_w.l(llshl.o)
    0x0000180a   0x00000020   Code   RO          180    .text               mc_w.l(llushr.o)
    0x0000182a   0x00000002   PAD
    0x0000182c   0x00000024   Code   RO          187    .text               mc_w.l(init.o)
    0x00001850   0x0000000e   Code   RO          193    i.__scatterload_zeroinit  mc_w.l(handlers.o)
    0x0000185e   0x00000002   PAD
    0x00001860   0x00000020   Data   RO          189    Region$$Table       anon$$obj.o


    Execution Region RW_IRAM1 (Base: 0x10000000, Size: 0x00000200, Max: 0x00008000, ABSOLUTE)

    Base Addr    Size         Type   Attr      Idx    E Section Name        Object

    0x10000000   0x00000200   Zero   RW            1    STACK               startup_lpc17xx.o


    Execution Region RW_IRAM2 (Base: 0x2007c000, Size: 0x00000084, Max: 0x00008000, ABSOLUTE)

    Base Addr    Size         Type   Attr      Idx    E Section Name        Object

    0x2007c000   0x00000004   Data   RW           25    .data               system_lpc17xx.o
    0x2007c004   0x00000080   Data   RW          134    .data               uart_polling_test.o


==============================================================================

Image component sizes


      Code (inc. data)   RO Data    RW Data    ZI Data      Debug   Object Name

         0          0          0          0          0       4156   core_cm3.o
       380         34          0          0          0       3151   lpc17xx_clkpwr.o
       340         12          0          0          0       4201   lpc17xx_pinsel.o
      4040        104          0          0          0      20157   lpc17xx_uart.o
        40         12        204          0        512       1204   startup_lpc17xx.o
       688         76          0          4          0      18433   system_lpc17xx.o
       288         18          0        128          0      14175   uart_polling_test.o

    ----------------------------------------------------------------------
      5776        256        236        132        512      65477   Object Totals
         0          0         32          0          0          0   (incl. Generated)
         0          0          0          0          0          3   (incl. Padding)

    ----------------------------------------------------------------------

      Code (inc. data)   RO Data    RW Data    ZI Data      Debug   Library Member Name

         0          0          0          0          0          0   entry.o
         8          4          0          0          0          0   entry2.o
         4          0          0          0          0          0   entry5.o
         8          4          0          0          0          0   entry7.o
        30          0          0          0          0          0   handlers.o
        36          8          0          0          0         68   init.o
        30          0          0          0          0         68   llshl.o
        32          0          0          0          0         68   llushr.o
       100          0          0          0          0         92   uldiv.o

    ----------------------------------------------------------------------
       260         16          0          0          0        296   Library Totals
        12          0          0          0          0          0   (incl. Padding)

    ----------------------------------------------------------------------

      Code (inc. data)   RO Data    RW Data    ZI Data      Debug   Library Name

       248         16          0          0          0        296   mc_w.l

    ----------------------------------------------------------------------
       260         16          0          0          0        296   Library Totals

    ----------------------------------------------------------------------

==============================================================================


      Code (inc. data)   RO Data    RW Data    ZI Data      Debug   

      6036        272        236        132        512      65256   Grand Totals
      6036        272        236        132        512      65256   ELF Image Totals
      6036        272        236        132          0          0   ROM Totals

==============================================================================

    Total RO  Size (Code + RO Data)                 6272 (   6.13kB)
    Total RW  Size (RW Data + ZI Data)               644 (   0.63kB)
    Total ROM Size (Code + RO Data + RW Data)       6404 (   6.25kB)

==============================================================================

