<html>
<body>
<pre>
<h1>µVision Build Log</h1>
<h2>Project:</h2>
D:\BU510.HPMS\BL08.R05.MCU\Parts\LPC1000\LPC1700\LPC175x_6x\CMSIS\LPC1700CMSIS_latest\Examples\DAC\WaveGenerate\Keil\dac_wavegenerate.uvproj
Project File Date:  06/07/2011

<h2>Output:</h2>
Build target 'LPC1700 FLASH'
assembling startup_LPC17xx.s...
compiling core_cm3.c...
compiling system_LPC17xx.c...
compiling lpc17xx_dac.c...
compiling lpc17xx_uart.c...
compiling debug_frmwrk.c...
compiling lpc17xx_clkpwr.c...
compiling lpc17xx_gpdma.c...
compiling lpc17xx_pinsel.c...
compiling dac_wave_generate.c...
linking...
Program Size: Code=8448 RO-data=460 RW-data=528 ZI-data=516  
FromELF: creating hex file...
".\Flash\dac_wavegenerate.axf" - 0 Error(s), 0 Warning(s).
