ARM Linker, 4.1 [Build 644] [Standard]

==============================================================================

Section Cross References

    startup_lpc17xx.o(RESET) refers to startup_lpc17xx.o(STACK) for __initial_sp
    startup_lpc17xx.o(RESET) refers to startup_lpc17xx.o(.text) for Reset_Handler
    startup_lpc17xx.o(.text) refers to system_lpc17xx.o(.text) for SystemInit
    startup_lpc17xx.o(.text) refers to entry.o(.ARM.Collect$$$$00000000) for __main
    system_lpc17xx.o(.text) refers to system_lpc17xx.o(.data) for SystemCoreClock
    lpc17xx_dac.o(.text) refers to dac_wave_generate.o(.text) for check_failed
    lpc17xx_uart.o(.text) refers to lpc17xx_clkpwr.o(.text) for CLKPWR_GetPCLK
    lpc17xx_uart.o(.text) refers to llshl.o(.text) for __aeabi_llsl
    lpc17xx_uart.o(.text) refers to uldiv.o(.text) for __aeabi_uldivmod
    lpc17xx_uart.o(.text) refers to llushr.o(.text) for __aeabi_llsr
    lpc17xx_uart.o(.text) refers to dac_wave_generate.o(.text) for check_failed
    debug_frmwrk.o(.text) refers to lpc17xx_uart.o(.text) for UART_Send
    debug_frmwrk.o(.text) refers to lpc17xx_pinsel.o(.text) for PINSEL_ConfigPin
    debug_frmwrk.o(.text) refers to debug_frmwrk.o(.data) for _db_msg
    lpc17xx_clkpwr.o(.text) refers to system_lpc17xx.o(.data) for SystemCoreClock
    lpc17xx_gpdma.o(.text) refers to lpc17xx_clkpwr.o(.text) for CLKPWR_ConfigPPWR
    lpc17xx_gpdma.o(.text) refers to dac_wave_generate.o(.text) for check_failed
    lpc17xx_gpdma.o(.text) refers to lpc17xx_gpdma.o(.data) for pGPDMACh
    lpc17xx_gpdma.o(.text) refers to lpc17xx_gpdma.o(.constdata) for GPDMA_LUTPerAddr
    dac_wave_generate.o(.text) refers to memcpya.o(.text) for __aeabi_memcpy4
    dac_wave_generate.o(.text) refers to lpc17xx_pinsel.o(.text) for PINSEL_ConfigPin
    dac_wave_generate.o(.text) refers to debug_frmwrk.o(.text) for debug_frmwrk_init
    dac_wave_generate.o(.text) refers to lpc17xx_gpdma.o(.text) for GPDMA_Init
    dac_wave_generate.o(.text) refers to lpc17xx_dac.o(.text) for DAC_Init
    dac_wave_generate.o(.text) refers to dac_wave_generate.o(.data) for menu1
    dac_wave_generate.o(.text) refers to debug_frmwrk.o(.data) for _db_msg
    dac_wave_generate.o(.text) refers to dac_wave_generate.o(.constdata) for .constdata
    entry.o(.ARM.Collect$$$$00000000) refers (Special) to entry7.o(.ARM.Collect$$$$00000007) for _main_init
    entry.o(.ARM.Collect$$$$00000000) refers (Special) to entry5.o(.ARM.Collect$$$$00000004) for _main_scatterload
    entry.o(.ARM.Collect$$$$00000000) refers (Special) to entry2.o(.ARM.Collect$$$$00000001) for _main_stk
    uldiv.o(.text) refers to llushr.o(.text) for __aeabi_llsr
    uldiv.o(.text) refers to llshl.o(.text) for __aeabi_llsl
    entry2.o(.ARM.Collect$$$$00000001) refers to entry2.o(.ARM.Collect$$$$00002712) for __lit__00000000
    entry2.o(.ARM.Collect$$$$00002712) refers to startup_lpc17xx.o(STACK) for __initial_sp
    entry2.o(__vectab_stack_and_reset_area) refers to startup_lpc17xx.o(STACK) for __initial_sp
    entry2.o(__vectab_stack_and_reset_area) refers to entry.o(.ARM.Collect$$$$00000000) for __main
    entry5.o(.ARM.Collect$$$$00000004) refers to init.o(.text) for __scatterload
    entry7.o(.ARM.Collect$$$$00000007) refers to dac_wave_generate.o(.text) for main
    init.o(.text) refers to entry5.o(.ARM.Collect$$$$00000004) for __main_after_scatterload


==============================================================================

Removing Unused input sections from the image.

    Removing startup_lpc17xx.o(HEAP), (0 bytes).
    Removing system_lpc17xx.o(.emb_text), (8 bytes).
    Removing lpc17xx_dac.o(.emb_text), (8 bytes).
    Removing lpc17xx_uart.o(.emb_text), (8 bytes).
    Removing debug_frmwrk.o(.emb_text), (8 bytes).
    Removing lpc17xx_clkpwr.o(.emb_text), (8 bytes).
    Removing lpc17xx_gpdma.o(.emb_text), (8 bytes).
    Removing lpc17xx_pinsel.o(.emb_text), (8 bytes).
    Removing dac_wave_generate.o(.emb_text), (8 bytes).

9 unused section(s) (total 64 bytes) removed from the image.

==============================================================================

Image Symbol Table

    Local Symbols

    Symbol Name                              Value     Ov Type        Size  Object(Section)

    RESET                                    0x00000000   Section      204  startup_lpc17xx.o(RESET)
    ../../../cmprslib/lz77c.c                0x00000000   Number         0  __dclz77c.o ABSOLUTE
    ../../microlib/division.c                0x00000000   Number         0  uldiv.o ABSOLUTE
    ../../microlib/init/entry.s              0x00000000   Number         0  entry.o ABSOLUTE
    ../../microlib/init/entry.s              0x00000000   Number         0  entry7.o ABSOLUTE
    ../../microlib/init/entry.s              0x00000000   Number         0  entry5.o ABSOLUTE
    ../../microlib/init/entry.s              0x00000000   Number         0  entry2.o ABSOLUTE
    ../../microlib/longlong.c                0x00000000   Number         0  llshl.o ABSOLUTE
    ../../microlib/longlong.c                0x00000000   Number         0  llushr.o ABSOLUTE
    ../../microlib/string/memcpy.c           0x00000000   Number         0  memcpya.o ABSOLUTE
    ../../microlib/string/memcpy.c           0x00000000   Number         0  memcpyb.o ABSOLUTE
    ..\..\..\..\Core\CM3\CoreSupport\core_cm3.c 0x00000000   Number         0  core_cm3.o ABSOLUTE
    ..\..\..\..\Core\CM3\DeviceSupport\NXP\LPC17xx\startup\arm\startup_LPC17xx.s 0x00000000   Number         0  startup_lpc17xx.o ABSOLUTE
    ..\..\..\..\Core\CM3\DeviceSupport\NXP\LPC17xx\system_LPC17xx.c 0x00000000   Number         0  system_lpc17xx.o ABSOLUTE
    ..\..\..\..\Drivers\source\debug_frmwrk.c 0x00000000   Number         0  debug_frmwrk.o ABSOLUTE
    ..\..\..\..\Drivers\source\lpc17xx_clkpwr.c 0x00000000   Number         0  lpc17xx_clkpwr.o ABSOLUTE
    ..\..\..\..\Drivers\source\lpc17xx_dac.c 0x00000000   Number         0  lpc17xx_dac.o ABSOLUTE
    ..\..\..\..\Drivers\source\lpc17xx_gpdma.c 0x00000000   Number         0  lpc17xx_gpdma.o ABSOLUTE
    ..\..\..\..\Drivers\source\lpc17xx_pinsel.c 0x00000000   Number         0  lpc17xx_pinsel.o ABSOLUTE
    ..\..\..\..\Drivers\source\lpc17xx_uart.c 0x00000000   Number         0  lpc17xx_uart.o ABSOLUTE
    ..\\..\\..\\..\\Core\\CM3\\DeviceSupport\\NXP\\LPC17xx\\system_LPC17xx.c 0x00000000   Number         0  system_lpc17xx.o ABSOLUTE
    ..\\..\\..\\..\\Drivers\\source\\debug_frmwrk.c 0x00000000   Number         0  debug_frmwrk.o ABSOLUTE
    ..\\..\\..\\..\\Drivers\\source\\lpc17xx_clkpwr.c 0x00000000   Number         0  lpc17xx_clkpwr.o ABSOLUTE
    ..\\..\\..\\..\\Drivers\\source\\lpc17xx_dac.c 0x00000000   Number         0  lpc17xx_dac.o ABSOLUTE
    ..\\..\\..\\..\\Drivers\\source\\lpc17xx_gpdma.c 0x00000000   Number         0  lpc17xx_gpdma.o ABSOLUTE
    ..\\..\\..\\..\\Drivers\\source\\lpc17xx_pinsel.c 0x00000000   Number         0  lpc17xx_pinsel.o ABSOLUTE
    ..\\..\\..\\..\\Drivers\\source\\lpc17xx_uart.c 0x00000000   Number         0  lpc17xx_uart.o ABSOLUTE
    ..\\dac_wave_generate.c                  0x00000000   Number         0  dac_wave_generate.o ABSOLUTE
    ..\dac_wave_generate.c                   0x00000000   Number         0  dac_wave_generate.o ABSOLUTE
    dc.s                                     0x00000000   Number         0  dc.o ABSOLUTE
    handlers.s                               0x00000000   Number         0  handlers.o ABSOLUTE
    init.s                                   0x00000000   Number         0  init.o ABSOLUTE
    .ARM.Collect$$$$00000000                 0x000000cc   Section        0  entry.o(.ARM.Collect$$$$00000000)
    .ARM.Collect$$$$00000001                 0x000000cc   Section        4  entry2.o(.ARM.Collect$$$$00000001)
    .ARM.Collect$$$$00000004                 0x000000d0   Section        4  entry5.o(.ARM.Collect$$$$00000004)
    .ARM.Collect$$$$00000007                 0x000000d4   Section        8  entry7.o(.ARM.Collect$$$$00000007)
    .ARM.Collect$$$$00002712                 0x000000dc   Section        4  entry2.o(.ARM.Collect$$$$00002712)
    __lit__00000000                          0x000000dc   Data           4  entry2.o(.ARM.Collect$$$$00002712)
    .text                                    0x000000e0   Section       36  startup_lpc17xx.o(.text)
    .text                                    0x00000104   Section        0  lpc17xx_dac.o(.text)
    .text                                    0x00000208   Section        0  uldiv.o(.text)
    .text                                    0x0000026c   Section        0  llshl.o(.text)
    .text                                    0x0000028a   Section        0  llushr.o(.text)
    .text                                    0x000002aa   Section        0  memcpya.o(.text)
    .text                                    0x000002d0   Section       36  init.o(.text)
    i.__scatterload_null                     0x000002f4   Section        2  handlers.o(i.__scatterload_null)
    .ARM.__at_0x02FC                         0x000002fc   Section        4  startup_lpc17xx.o(.ARM.__at_0x02FC)
    .text                                    0x00000300   Section        0  system_lpc17xx.o(.text)
    .text                                    0x000005b0   Section        0  lpc17xx_uart.o(.text)
    uart_set_divisors                        0x000005b1   Thumb Code   578  lpc17xx_uart.o(.text)
    .text                                    0x00001100   Section        0  debug_frmwrk.o(.text)
    .text                                    0x000015bc   Section        0  lpc17xx_clkpwr.o(.text)
    .text                                    0x00001738   Section        0  lpc17xx_gpdma.o(.text)
    .text                                    0x00001b88   Section        0  lpc17xx_pinsel.o(.text)
    set_PinFunc                              0x00001b89   Thumb Code    82  lpc17xx_pinsel.o(.text)
    set_ResistorMode                         0x00001bdb   Thumb Code    82  lpc17xx_pinsel.o(.text)
    set_OpenDrainMode                        0x00001c2d   Thumb Code    54  lpc17xx_pinsel.o(.text)
    .text                                    0x00001cdc   Section        0  dac_wave_generate.o(.text)
    .text                                    0x00002150   Section        0  __dclz77c.o(.text)
    i.__scatterload_copy                     0x000021b0   Section       14  handlers.o(i.__scatterload_copy)
    i.__scatterload_zeroinit                 0x000021be   Section       14  handlers.o(i.__scatterload_zeroinit)
    .constdata                               0x000021cc   Section      144  lpc17xx_gpdma.o(.constdata)
    .constdata                               0x0000225c   Section       64  dac_wave_generate.o(.constdata)
    .data                                    0x10000000   Section        4  system_lpc17xx.o(.data)
    STACK                                    0x10000008   Section      512  startup_lpc17xx.o(STACK)
    .data                                    0x2007c000   Section       40  debug_frmwrk.o(.data)
    .data                                    0x2007c028   Section       32  lpc17xx_gpdma.o(.data)
    .data                                    0x2007c048   Section      452  dac_wave_generate.o(.data)

    Global Symbols

    Symbol Name                              Value     Ov Type        Size  Object(Section)

    BuildAttributes$$THM_ISAv4$P$D$K$B$S$PE$A:L22UL41UL21$X:L11$S22US41US21$IEEE1$IW$USESV6$~STKCKD$USESV7$~SHL$OSPACE$EBA8$MICROLIB$REQ8$PRES8$EABIv2 0x00000000   Number         0  anon$$obj.o ABSOLUTE
    __ARM_use_no_argv                        0x00000000   Number         0  dac_wave_generate.o ABSOLUTE
    __Vectors                                0x00000000   Data           4  startup_lpc17xx.o(RESET)
    __main                                   0x000000cd   Thumb Code     0  entry.o(.ARM.Collect$$$$00000000)
    _main_stk                                0x000000cd   Thumb Code     0  entry2.o(.ARM.Collect$$$$00000001)
    _main_scatterload                        0x000000d1   Thumb Code     0  entry5.o(.ARM.Collect$$$$00000004)
    __main_after_scatterload                 0x000000d5   Thumb Code     0  entry5.o(.ARM.Collect$$$$00000004)
    _main_init                               0x000000d5   Thumb Code     0  entry7.o(.ARM.Collect$$$$00000007)
    Reset_Handler                            0x000000e1   Thumb Code     8  startup_lpc17xx.o(.text)
    NMI_Handler                              0x000000e9   Thumb Code     2  startup_lpc17xx.o(.text)
    HardFault_Handler                        0x000000eb   Thumb Code     2  startup_lpc17xx.o(.text)
    MemManage_Handler                        0x000000ed   Thumb Code     2  startup_lpc17xx.o(.text)
    BusFault_Handler                         0x000000ef   Thumb Code     2  startup_lpc17xx.o(.text)
    UsageFault_Handler                       0x000000f1   Thumb Code     2  startup_lpc17xx.o(.text)
    SVC_Handler                              0x000000f3   Thumb Code     2  startup_lpc17xx.o(.text)
    DebugMon_Handler                         0x000000f5   Thumb Code     2  startup_lpc17xx.o(.text)
    PendSV_Handler                           0x000000f7   Thumb Code     2  startup_lpc17xx.o(.text)
    SysTick_Handler                          0x000000f9   Thumb Code     2  startup_lpc17xx.o(.text)
    ADC_IRQHandler                           0x000000fb   Thumb Code     0  startup_lpc17xx.o(.text)
    BOD_IRQHandler                           0x000000fb   Thumb Code     0  startup_lpc17xx.o(.text)
    CANActivity_IRQHandler                   0x000000fb   Thumb Code     0  startup_lpc17xx.o(.text)
    CAN_IRQHandler                           0x000000fb   Thumb Code     0  startup_lpc17xx.o(.text)
    DMA_IRQHandler                           0x000000fb   Thumb Code     0  startup_lpc17xx.o(.text)
    EINT0_IRQHandler                         0x000000fb   Thumb Code     0  startup_lpc17xx.o(.text)
    EINT1_IRQHandler                         0x000000fb   Thumb Code     0  startup_lpc17xx.o(.text)
    EINT2_IRQHandler                         0x000000fb   Thumb Code     0  startup_lpc17xx.o(.text)
    EINT3_IRQHandler                         0x000000fb   Thumb Code     0  startup_lpc17xx.o(.text)
    ENET_IRQHandler                          0x000000fb   Thumb Code     0  startup_lpc17xx.o(.text)
    I2C0_IRQHandler                          0x000000fb   Thumb Code     0  startup_lpc17xx.o(.text)
    I2C1_IRQHandler                          0x000000fb   Thumb Code     0  startup_lpc17xx.o(.text)
    I2C2_IRQHandler                          0x000000fb   Thumb Code     0  startup_lpc17xx.o(.text)
    I2S_IRQHandler                           0x000000fb   Thumb Code     0  startup_lpc17xx.o(.text)
    MCPWM_IRQHandler                         0x000000fb   Thumb Code     0  startup_lpc17xx.o(.text)
    PLL0_IRQHandler                          0x000000fb   Thumb Code     0  startup_lpc17xx.o(.text)
    PLL1_IRQHandler                          0x000000fb   Thumb Code     0  startup_lpc17xx.o(.text)
    PWM1_IRQHandler                          0x000000fb   Thumb Code     0  startup_lpc17xx.o(.text)
    QEI_IRQHandler                           0x000000fb   Thumb Code     0  startup_lpc17xx.o(.text)
    RIT_IRQHandler                           0x000000fb   Thumb Code     0  startup_lpc17xx.o(.text)
    RTC_IRQHandler                           0x000000fb   Thumb Code     0  startup_lpc17xx.o(.text)
    SPI_IRQHandler                           0x000000fb   Thumb Code     0  startup_lpc17xx.o(.text)
    SSP0_IRQHandler                          0x000000fb   Thumb Code     0  startup_lpc17xx.o(.text)
    SSP1_IRQHandler                          0x000000fb   Thumb Code     0  startup_lpc17xx.o(.text)
    TIMER0_IRQHandler                        0x000000fb   Thumb Code     0  startup_lpc17xx.o(.text)
    TIMER1_IRQHandler                        0x000000fb   Thumb Code     0  startup_lpc17xx.o(.text)
    TIMER2_IRQHandler                        0x000000fb   Thumb Code     0  startup_lpc17xx.o(.text)
    TIMER3_IRQHandler                        0x000000fb   Thumb Code     0  startup_lpc17xx.o(.text)
    UART0_IRQHandler                         0x000000fb   Thumb Code     0  startup_lpc17xx.o(.text)
    UART1_IRQHandler                         0x000000fb   Thumb Code     0  startup_lpc17xx.o(.text)
    UART2_IRQHandler                         0x000000fb   Thumb Code     0  startup_lpc17xx.o(.text)
    UART3_IRQHandler                         0x000000fb   Thumb Code     0  startup_lpc17xx.o(.text)
    USBActivity_IRQHandler                   0x000000fb   Thumb Code     0  startup_lpc17xx.o(.text)
    USB_IRQHandler                           0x000000fb   Thumb Code     0  startup_lpc17xx.o(.text)
    WDT_IRQHandler                           0x000000fb   Thumb Code     0  startup_lpc17xx.o(.text)
    DAC_SetBias                              0x00000105   Thumb Code    44  lpc17xx_dac.o(.text)
    DAC_Init                                 0x00000131   Thumb Code    30  lpc17xx_dac.o(.text)
    DAC_UpdateValue                          0x0000014f   Thumb Code    44  lpc17xx_dac.o(.text)
    DAC_ConfigDAConverterControl             0x0000017b   Thumb Code    68  lpc17xx_dac.o(.text)
    DAC_SetDMATimeOut                        0x000001bf   Thumb Code    26  lpc17xx_dac.o(.text)
    __aeabi_uldivmod                         0x00000209   Thumb Code   100  uldiv.o(.text)
    __aeabi_llsl                             0x0000026d   Thumb Code    30  llshl.o(.text)
    _ll_shift_l                              0x0000026d   Thumb Code     0  llshl.o(.text)
    __aeabi_llsr                             0x0000028b   Thumb Code    32  llushr.o(.text)
    _ll_ushift_r                             0x0000028b   Thumb Code     0  llushr.o(.text)
    __aeabi_memcpy                           0x000002ab   Thumb Code    36  memcpya.o(.text)
    __aeabi_memcpy4                          0x000002ab   Thumb Code     0  memcpya.o(.text)
    __aeabi_memcpy8                          0x000002ab   Thumb Code     0  memcpya.o(.text)
    __scatterload                            0x000002d1   Thumb Code    28  init.o(.text)
    __scatterload_rt2                        0x000002d1   Thumb Code     0  init.o(.text)
    __scatterload_null                       0x000002f5   Thumb Code     2  handlers.o(i.__scatterload_null)
    SystemCoreClockUpdate                    0x00000301   Thumb Code   316  system_lpc17xx.o(.text)
    SystemInit                               0x0000043d   Thumb Code   296  system_lpc17xx.o(.text)
    UART_Init                                0x000007f3   Thumb Code   548  lpc17xx_uart.o(.text)
    UART_TxCmd                               0x00000a17   Thumb Code   136  lpc17xx_uart.o(.text)
    UART_DeInit                              0x00000a9f   Thumb Code    66  lpc17xx_uart.o(.text)
    UART_ConfigStructInit                    0x00000ae1   Thumb Code    22  lpc17xx_uart.o(.text)
    UART_SendByte                            0x00000af7   Thumb Code    58  lpc17xx_uart.o(.text)
    UART_ReceiveByte                         0x00000b31   Thumb Code    56  lpc17xx_uart.o(.text)
    UART_Send                                0x00000b69   Thumb Code   198  lpc17xx_uart.o(.text)
    UART_Receive                             0x00000c2f   Thumb Code   154  lpc17xx_uart.o(.text)
    UART_ForceBreak                          0x00000cc9   Thumb Code    68  lpc17xx_uart.o(.text)
    UART_IntConfig                           0x00000d0d   Thumb Code   298  lpc17xx_uart.o(.text)
    UART_GetLineStatus                       0x00000e37   Thumb Code    56  lpc17xx_uart.o(.text)
    UART_GetIntId                            0x00000e6f   Thumb Code    52  lpc17xx_uart.o(.text)
    UART_CheckBusy                           0x00000ea3   Thumb Code    18  lpc17xx_uart.o(.text)
    UART_FIFOConfig                          0x00000eb5   Thumb Code   272  lpc17xx_uart.o(.text)
    UART_FIFOConfigStructInit                0x00000fc5   Thumb Code    18  lpc17xx_uart.o(.text)
    UART_ABCmd                               0x00000fd7   Thumb Code   210  lpc17xx_uart.o(.text)
    UART_ABClearIntPending                   0x000010a9   Thumb Code    70  lpc17xx_uart.o(.text)
    UARTPutChar                              0x00001101   Thumb Code    20  debug_frmwrk.o(.text)
    UARTGetChar                              0x00001115   Thumb Code    30  debug_frmwrk.o(.text)
    UARTPuts                                 0x00001133   Thumb Code    32  debug_frmwrk.o(.text)
    UARTPuts_                                0x00001153   Thumb Code    24  debug_frmwrk.o(.text)
    UARTPutDec                               0x0000116b   Thumb Code   114  debug_frmwrk.o(.text)
    UARTPutDec16                             0x000011dd   Thumb Code   182  debug_frmwrk.o(.text)
    UARTPutDec32                             0x00001293   Thumb Code   346  debug_frmwrk.o(.text)
    UARTPutHex                               0x000013ed   Thumb Code    74  debug_frmwrk.o(.text)
    UARTPutHex16                             0x00001437   Thumb Code    74  debug_frmwrk.o(.text)
    UARTPutHex32                             0x00001481   Thumb Code    74  debug_frmwrk.o(.text)
    debug_frmwrk_init                        0x000014cb   Thumb Code   234  debug_frmwrk.o(.text)
    CLKPWR_SetPCLKDiv                        0x000015bd   Thumb Code   106  lpc17xx_clkpwr.o(.text)
    CLKPWR_GetPCLKSEL                        0x00001627   Thumb Code    34  lpc17xx_clkpwr.o(.text)
    CLKPWR_GetPCLK                           0x00001649   Thumb Code    78  lpc17xx_clkpwr.o(.text)
    CLKPWR_ConfigPPWR                        0x00001697   Thumb Code    50  lpc17xx_clkpwr.o(.text)
    CLKPWR_Sleep                             0x000016c9   Thumb Code    12  lpc17xx_clkpwr.o(.text)
    CLKPWR_DeepSleep                         0x000016d5   Thumb Code    22  lpc17xx_clkpwr.o(.text)
    CLKPWR_PowerDown                         0x000016eb   Thumb Code    22  lpc17xx_clkpwr.o(.text)
    CLKPWR_DeepPowerDown                     0x00001701   Thumb Code    22  lpc17xx_clkpwr.o(.text)
    GPDMA_Init                               0x00001739   Thumb Code    60  lpc17xx_gpdma.o(.text)
    GPDMA_Setup                              0x00001775   Thumb Code   618  lpc17xx_gpdma.o(.text)
    GPDMA_ChannelCmd                         0x000019df   Thumb Code    34  lpc17xx_gpdma.o(.text)
    GPDMA_IntGetStatus                       0x00001a01   Thumb Code   218  lpc17xx_gpdma.o(.text)
    GPDMA_ClearIntPending                    0x00001adb   Thumb Code   174  lpc17xx_gpdma.o(.text)
    PINSEL_ConfigTraceFunc                   0x00001c63   Thumb Code    34  lpc17xx_pinsel.o(.text)
    PINSEL_SetI2C0Pins                       0x00001c85   Thumb Code    22  lpc17xx_pinsel.o(.text)
    PINSEL_ConfigPin                         0x00001c9b   Thumb Code    54  lpc17xx_pinsel.o(.text)
    print_menu                               0x00001cdd   Thumb Code    14  dac_wave_generate.o(.text)
    c_entry                                  0x00001ceb   Thumb Code   770  dac_wave_generate.o(.text)
    main                                     0x00001fed   Thumb Code     4  dac_wave_generate.o(.text)
    check_failed                             0x00001ff1   Thumb Code     4  dac_wave_generate.o(.text)
    __decompress                             0x00002151   Thumb Code     0  __dclz77c.o(.text)
    __decompress2                            0x00002151   Thumb Code    96  __dclz77c.o(.text)
    __scatterload_copy                       0x000021b1   Thumb Code    14  handlers.o(i.__scatterload_copy)
    __scatterload_zeroinit                   0x000021bf   Thumb Code    14  handlers.o(i.__scatterload_zeroinit)
    GPDMA_LUTPerAddr                         0x000021cc   Data          96  lpc17xx_gpdma.o(.constdata)
    GPDMA_LUTPerBurst                        0x0000222c   Data          24  lpc17xx_gpdma.o(.constdata)
    GPDMA_LUTPerWid                          0x00002244   Data          24  lpc17xx_gpdma.o(.constdata)
    Region$$Table$$Base                      0x0000229c   Number         0  anon$$obj.o(Region$$Table)
    Region$$Table$$Limit                     0x000022cc   Number         0  anon$$obj.o(Region$$Table)
    SystemCoreClock                          0x10000000   Data           4  system_lpc17xx.o(.data)
    __initial_sp                             0x10000208   Data           0  startup_lpc17xx.o(STACK)
    _db_msg                                  0x2007c000   Data           4  debug_frmwrk.o(.data)
    _db_msg_                                 0x2007c004   Data           4  debug_frmwrk.o(.data)
    _db_char                                 0x2007c008   Data           4  debug_frmwrk.o(.data)
    _db_dec                                  0x2007c00c   Data           4  debug_frmwrk.o(.data)
    _db_dec_16                               0x2007c010   Data           4  debug_frmwrk.o(.data)
    _db_dec_32                               0x2007c014   Data           4  debug_frmwrk.o(.data)
    _db_hex                                  0x2007c018   Data           4  debug_frmwrk.o(.data)
    _db_hex_16                               0x2007c01c   Data           4  debug_frmwrk.o(.data)
    _db_hex_32                               0x2007c020   Data           4  debug_frmwrk.o(.data)
    _db_get_char                             0x2007c024   Data           4  debug_frmwrk.o(.data)
    pGPDMACh                                 0x2007c028   Data          32  lpc17xx_gpdma.o(.data)
    menu1                                    0x2007c048   Data         452  dac_wave_generate.o(.data)



==============================================================================

Memory Map of the image

  Image Entry point : 0x000000cd

  Load Region LR_IROM1 (Base: 0x00000000, Size: 0x000024dc, Max: 0x00080000, ABSOLUTE, COMPRESSED[0x000023f8])

    Execution Region ER_IROM1 (Base: 0x00000000, Size: 0x000022cc, Max: 0x00080000, ABSOLUTE)

    Base Addr    Size         Type   Attr      Idx    E Section Name        Object

    0x00000000   0x000000cc   Data   RO            3    RESET               startup_lpc17xx.o
    0x000000cc   0x00000000   Code   RO          248  * .ARM.Collect$$$$00000000  mc_w.l(entry.o)
    0x000000cc   0x00000004   Code   RO          261    .ARM.Collect$$$$00000001  mc_w.l(entry2.o)
    0x000000d0   0x00000004   Code   RO          264    .ARM.Collect$$$$00000004  mc_w.l(entry5.o)
    0x000000d4   0x00000008   Code   RO          265    .ARM.Collect$$$$00000007  mc_w.l(entry7.o)
    0x000000dc   0x00000004   Code   RO          262    .ARM.Collect$$$$00002712  mc_w.l(entry2.o)
    0x000000e0   0x00000024   Code   RO            5    .text               startup_lpc17xx.o
    0x00000104   0x00000104   Code   RO           59    .text               lpc17xx_dac.o
    0x00000208   0x00000064   Code   RO          251    .text               mc_w.l(uldiv.o)
    0x0000026c   0x0000001e   Code   RO          253    .text               mc_w.l(llshl.o)
    0x0000028a   0x00000020   Code   RO          255    .text               mc_w.l(llushr.o)
    0x000002aa   0x00000024   Code   RO          257    .text               mc_w.l(memcpya.o)
    0x000002ce   0x00000002   PAD
    0x000002d0   0x00000024   Code   RO          266    .text               mc_w.l(init.o)
    0x000002f4   0x00000002   Code   RO          271    i.__scatterload_null  mc_w.l(handlers.o)
    0x000002f6   0x00000006   PAD
    0x000002fc   0x00000004   Code   RO            4    .ARM.__at_0x02FC    startup_lpc17xx.o
    0x00000300   0x000002b0   Code   RO           24    .text               system_lpc17xx.o
    0x000005b0   0x00000b50   Code   RO           91    .text               lpc17xx_uart.o
    0x00001100   0x000004bc   Code   RO          110    .text               debug_frmwrk.o
    0x000015bc   0x0000017c   Code   RO          135    .text               lpc17xx_clkpwr.o
    0x00001738   0x00000450   Code   RO          158    .text               lpc17xx_gpdma.o
    0x00001b88   0x00000154   Code   RO          181    .text               lpc17xx_pinsel.o
    0x00001cdc   0x00000474   Code   RO          197    .text               dac_wave_generate.o
    0x00002150   0x00000060   Code   RO          276    .text               mc_w.l(__dclz77c.o)
    0x000021b0   0x0000000e   Code   RO          270    i.__scatterload_copy  mc_w.l(handlers.o)
    0x000021be   0x0000000e   Code   RO          272    i.__scatterload_zeroinit  mc_w.l(handlers.o)
    0x000021cc   0x00000090   Data   RO          159    .constdata          lpc17xx_gpdma.o
    0x0000225c   0x00000040   Data   RO          198    .constdata          dac_wave_generate.o
    0x0000229c   0x00000030   Data   RO          268    Region$$Table       anon$$obj.o


    Execution Region RW_IRAM1 (Base: 0x10000000, Size: 0x00000208, Max: 0x00008000, ABSOLUTE)

    Base Addr    Size         Type   Attr      Idx    E Section Name        Object

    0x10000000   0x00000004   Data   RW           25    .data               system_lpc17xx.o
    0x10000004   0x00000004   PAD
    0x10000008   0x00000200   Zero   RW            1    STACK               startup_lpc17xx.o


    Execution Region RW_IRAM2 (Base: 0x2007c000, Size: 0x0000020c, Max: 0x00008000, ABSOLUTE, COMPRESSED[0x00000128])

    Base Addr    Size         Type   Attr      Idx    E Section Name        Object

    0x2007c000   0x00000028   Data   RW          111    .data               debug_frmwrk.o
    0x2007c028   0x00000020   Data   RW          160    .data               lpc17xx_gpdma.o
    0x2007c048   0x000001c4   Data   RW          199    .data               dac_wave_generate.o


==============================================================================

Image component sizes


      Code (inc. data)   RO Data    RW Data    ZI Data      Debug   Object Name

         0          0          0          0          0       4156   core_cm3.o
      1140        348         64        452          0      11427   dac_wave_generate.o
      1212         72          0         40          0       6458   debug_frmwrk.o
       380         34          0          0          0       1879   lpc17xx_clkpwr.o
       260         48          0          0          0       4310   lpc17xx_dac.o
      1104        102        144         32          0       8949   lpc17xx_gpdma.o
       340         12          0          0          0       2401   lpc17xx_pinsel.o
      2896        102          0          0          0      16574   lpc17xx_uart.o
        40         12        204          0        512       1212   startup_lpc17xx.o
       688         76          0          4          0      18445   system_lpc17xx.o

    ----------------------------------------------------------------------
      8060        806        460        528        516      75811   Object Totals
         0          0         48          0          0          0   (incl. Generated)
         0          0          0          0          4          1   (incl. Padding)

    ----------------------------------------------------------------------

      Code (inc. data)   RO Data    RW Data    ZI Data      Debug   Library Member Name

        96          0          0          0          0          0   __dclz77c.o
         0          0          0          0          0          0   entry.o
         8          4          0          0          0          0   entry2.o
         4          0          0          0          0          0   entry5.o
         8          4          0          0          0          0   entry7.o
        30          0          0          0          0          0   handlers.o
        36          8          0          0          0         68   init.o
        30          0          0          0          0         68   llshl.o
        32          0          0          0          0         68   llushr.o
        36          0          0          0          0         68   memcpya.o
       100          0          0          0          0         92   uldiv.o

    ----------------------------------------------------------------------
       388         16          0          0          0        364   Library Totals
         8          0          0          0          0          0   (incl. Padding)

    ----------------------------------------------------------------------

      Code (inc. data)   RO Data    RW Data    ZI Data      Debug   Library Name

       380         16          0          0          0        364   mc_w.l

    ----------------------------------------------------------------------
       388         16          0          0          0        364   Library Totals

    ----------------------------------------------------------------------

==============================================================================


      Code (inc. data)   RO Data    RW Data    ZI Data      Debug   

      8448        822        460        528        516      75500   Grand Totals
      8448        822        460        300        516      75500   ELF Image Totals (compressed)
      8448        822        460        300          0          0   ROM Totals

==============================================================================

    Total RO  Size (Code + RO Data)                 8908 (   8.70kB)
    Total RW  Size (RW Data + ZI Data)              1044 (   1.02kB)
    Total ROM Size (Code + RO Data + RW Data)       9208 (   8.99kB)

==============================================================================

